              A           B           C           D           E           F           G           H           I           J
  1           0           0           0           0           0           0           0           0           0           0
  2           0           0           0           0           0           0           0           0           0           0
  3           0           0           0           0           0           0           0           0           0           0
  4           0           0           0           0           0           0           0           0           0           0
  5           0           0           0           0           0           0           0           0           0           0
  6           0           0           0           0           0           0           0           0           0           0
  7           0           0           0           0           0           0           0           0           0           0
  8           0           0           0           0           0           0           0           0           0           0
  9           0           0           0           0           0           0           0           0           0           0
 10           0           0           0           0           0           0           0           0           0           0
[0.0] (ok) > [0.0] (ok) > [0.2] (ok) > [0.0] (ok) > [0.0] (ok) > [0.0] (ok) > [0.0] (ok) > [0.0] (ok) > [0.0] (ok) > [0.0] (ok) > [0.0] (ok) > [0.0] (ok) > [0.0] (ok) > [0.0] (ok) > [0.0] (ok) > [0.0] (ok) > [0.0] (ok) > [0.0] (ok) > [0.0] (ok) > [0.0] (ok) > [0.0] (ok) > [0.0] (ok) > [0.0] (ok) > [0.0] (ok) > [0.0] (ok) > [0.0] (ok) > [0.0] (ok) > [0.0] (ok) > [0.0] (ok) > [0.0] (ok) > [0.0] (ok) > [0.0] (ok) > [0.0] (ok) > [0.0] (ok) > [0.0] (ok) > [0.0] (ok) > [0.0] (ok) > [0.0] (ok) > [0.0] (ok) > [0.0] (ok) > [0.0] (ok) > [0.0] (ok) > [0.0] (ok) > [0.0] (ok) > [0.0] (ok) > [0.0] (ok) > [0.0] (ok) > [0.0] (ok) > [0.0] (ok) > [0.0] (ok) > [0.0] (ok) > [0.0] (ok) > [0.0] (ok) > [0.0] (ok) > [0.0] (ok) > [0.0] (ok) > [0.0] (ok) > [0.0] (ok) > [0.0] (ok) > [0.0] (ok) > [0.0] (ok) > [0.0] (ok) > [0.0] (ok) > [0.0] (ok) > [0.0] (ok) > [0.0] (ok) > [0.0] (ok) > [0.0] (ok) > [0.0] (ok) > [0.0] (ok) > [0.0] (ok) > [0.0] (ok) > [0.0] (ok) > [0.0] (ok) > [0.0] (ok) > [0.0] (ok) > [0.0] (ok) > [0.0] (ok) > [0.0] (ok) > [0.0] (ok) > [0.0] (ok) > [0.0] (ok) > [0.0] (ok) > [0.0] (ok) > [0.0] (ok) > [0.0] (ok) > [0.0] (ok) > [0.0] (ok) > [0.0] (ok) > [0.0] (ok) > [0.0] (ok) > [0.0] (ok) > [0.0] (ok) > [0.0] (ok) > [0.0] (ok) > [0.0] (ok) > [0.0] (ok) > [0.0] (ok) > [0.0] (ok) > [0.0] (ok) > [0.0] (ok) > [0.0] (ok) >               A           B           C           D           E           F           G           H           I           J
  1           0           0           0           0           0           0           0           0           0           0
  2           0           0           0           0           0           0           0           0           0           0
  3           0           0           0           0           0           0           0           0           0           0
  4           0           0           0           0           0           0           0           0           0           0
  5           0           0           0           0           0           0           0           0           0           0
  6           0           0           0           0           0           0           0           0           0           0
  7           0           0           0           0           0           0           0           0           0           0
  8           0           0           0           0           0           0           0           0           0           0
  9           0           0           0           0           0           0           0           0           0           0
 10           0           0           0           0           0           0           0           0           0           0
[0.0] (ok) >               A           B           C           D           E           F           G           H           I           J
 90           0           0           0           0           0           0           0           0           0           0
 91           0           0           0           0           0           0           0           0           0           0
 92           0           0           0           0           0           0           0           0           0           0
 93           0           0           0           0           0           0           0           0           0           0
 94           0           0           0           0           0           0           0           0           0           0
 95           0           0           0           0           0           0           0           0           0           0
 96           0           0           0           0           0           0           0           0           0           0
 97           0           0           0           0           0           0           0           0           0           0
 98           0           0           0           0           0           0           0           0           0           0
 99         100           0           0           0           0           0           0           0           0           0
[0.0] (ok) > 