              A           B           C           D           E           F           G           H           I           J
  1           0           0           0           0           0           0           0           0           0           0
  2           0           0           0           0           0           0           0           0           0           0
  3           0           0           0           0           0           0           0           0           0           0
  4           0           0           0           0           0           0           0           0           0           0
  5           0           0           0           0           0           0           0           0           0           0
  6           0           0           0           0           0           0           0           0           0           0
  7           0           0           0           0           0           0           0           0           0           0
  8           0           0           0           0           0           0           0           0           0           0
  9           0           0           0           0           0           0           0           0           0           0
 10           0           0           0           0           0           0           0           0           0           0
[0.0] (ok) > [0.0] (ok) > [0.0] (ok) > [0.0] (ok) > [0.0] (ok) > [0.0] (ok) > [0.0] (ok) > [0.0] (ok) > [0.0] (ok) > [0.0] (ok) > [0.0] (ok) > [0.0] (ok) > [0.0] (ok) > [0.0] (ok) > [0.0] (ok) > [0.0] (ok) > [0.0] (ok) > [0.0] (ok) > [0.0] (ok) > [0.0] (ok) > [0.0] (ok) > [0.0] (ok) > [0.0] (ok) > [0.0] (ok) > [0.0] (ok) > [0.0] (ok) > [0.0] (ok) > [0.0] (ok) > [0.0] (ok) > [0.0] (ok) > [0.0] (ok) > [0.0] (ok) > [0.0] (ok) > [0.0] (ok) > [0.0] (ok) > [0.0] (ok) > [0.0] (ok) > [0.0] (ok) > [0.0] (ok) > [0.0] (ok) > [0.0] (ok) > [0.0] (ok) > [0.0] (ok) > [0.0] (ok) > [0.0] (ok) > [0.0] (ok) > [0.0] (ok) > [0.0] (ok) > [0.0] (ok) > [0.0] (ok) > [0.0] (ok) > [0.0] (ok) > [0.0] (ok) > [0.0] (ok) > [0.0] (ok) > [0.0] (ok) > [0.0] (ok) > [0.0] (ok) > [0.0] (ok) > [0.0] (ok) > [0.0] (ok) > [0.0] (ok) > [0.0] (ok) > [0.0] (ok) > [0.0] (ok) > [0.0] (ok) > [0.0] (ok) > [0.0] (ok) > [0.0] (ok) > [0.0] (ok) > [0.0] (ok) > [0.0] (ok) > [0.0] (ok) > [0.0] (ok) > [0.0] (ok) > [0.0] (ok) > [0.0] (ok) > [0.0] (ok) > [0.0] (ok) > [0.0] (ok) > [0.0] (ok) > [0.0] (ok) > [0.0] (ok) > [0.0] (ok) > [0.0] (ok) > [0.0] (ok) > [0.0] (ok) > [0.0] (ok) > [0.0] (ok) > [0.0] (ok) > [0.0] (ok) > [0.0] (ok) > [0.0] (ok) > [0.0] (ok) > [0.0] (ok) > [0.0] (ok) > [0.0] (ok) > [0.0] (ok) > [0.0] (ok) > [0.0] (ok) > [0.0] (ok) > [0.0] (ok) >               A           B           C           D           E           F           G           H           I           J
  1           0           0           0           0           0           0           0           0           0           0
  2           0           0           0           0           0           0           0           0           0           0
  3           0           0           0           0           0           0           0           0           0           0
  4           0           0           0           0           0           0           0           0           0           0
  5           0           0           0           0           0           0           0           0           0           0
  6           0           0           0           0           0           0           0           0           0           0
  7           0           0           0           0           0           0           0           0           0           0
  8           0           0           0           0           0           0           0           0           0           0
  9           0           0           0           0           0           0           0           0           0           0
 10           0           0           0           0           0           0           0           0           0           0
[0.0] (ok) >               A           B           C           D           E           F           G           H           I           J
  1   536870912           0           0           0           0           0           0           0           0           0
  2   268435456           0           0           0           0           0           0           0           0           0
  3   134217728           0           0           0           0           0           0           0           0           0
  4    67108864           0           0           0           0           0           0           0           0           0
  5    33554432           0           0           0           0           0           0           0           0           0
  6    16777216           0           0           0           0           0           0           0           0           0
  7     8388608           0           0           0           0           0           0           0           0           0
  8     4194304           0           0           0           0           0           0           0           0           0
  9     2097152           0           0           0           0           0           0           0           0           0
 10     1048576           0           0           0           0           0           0           0           0           0
[0.0] (ok) > 