              A           B           C           D           E           F           G           H           I           J
  1           0           0           0           0           0           0           0           0           0           0
  2           0           0           0           0           0           0           0           0           0           0
  3           0           0           0           0           0           0           0           0           0           0
  4           0           0           0           0           0           0           0           0           0           0
  5           0           0           0           0           0           0           0           0           0           0
  6           0           0           0           0           0           0           0           0           0           0
  7           0           0           0           0           0           0           0           0           0           0
  8           0           0           0           0           0           0           0           0           0           0
  9           0           0           0           0           0           0           0           0           0           0
 10           0           0           0           0           0           0           0           0           0           0
[0.0] (ok) > [0.0] (ok) > [0.2] (ok) > [0.0] (ok) > [0.0] (ok) > [0.0] (ok) > [0.0] (ok) > [0.0] (ok) > [0.1] (ok) > [0.0] (ok) > [0.0] (ok) > [0.0] (ok) > [0.1] (ok) > [0.0] (ok) > [0.0] (ok) > [0.1] (ok) > [0.1] (ok) > [0.1] (ok) > [0.1] (ok) > [0.0] (ok) > [0.0] (ok) > [0.0] (ok) > [0.0] (ok) > [0.0] (ok) > [0.0] (ok) > [0.0] (ok) > [0.1] (ok) > [0.1] (ok) > [0.1] (ok) > [0.0] (ok) > [0.0] (ok) > [0.0] (ok) > [0.0] (ok) > [0.0] (ok) > [0.1] (ok) > [0.0] (ok) > [0.0] (ok) > [0.0] (ok) > [0.0] (ok) > [0.0] (ok) > [0.0] (ok) > [0.0] (ok) > [0.0] (ok) > [0.0] (ok) > [0.1] (ok) > [0.1] (ok) > [0.0] (ok) > [0.0] (ok) > [0.1] (ok) > [0.1] (ok) > [0.1] (ok) > [0.0] (ok) > [0.0] (ok) >               A           B           C           D           E           F           G           H           I           J
  1           0           0           0           0           0           0           0           0           0           0
  2           0           0           0           0           0           0           0           0           0           0
  3           0           0           0           0           0           0           0           0           0           0
  4           0           0           0           0           0           0           0           0           0           0
  5           0           0           0           0           0           0           0           0           0           0
  6           0           0           0           0           0           0           0           0           0           0
  7           0           0           0           0           0           0           0           0           0           0
  8           0           0           0           0           0           0           0           0           0           0
  9           0           0           0           0           0           0           0           0           0           0
 10           0           0           0           0           0           0           0           0           0           0
[0.0] (ok) >               A           B           C           D           E           F           G           H           I           J
  1           2           2           0           0           0           0           0           0           0           0
  2           2           0           0           0           0           0           0           0           0           0
  3           2           0           0           0           0           0           0           0           0           0
  4           2           0           0           0           0           0           0           0           0           0
  5           2           0           0           0           0           0           0           0           0           0
  6           2           0           0           0           0           0           0           0           0           0
  7           2           0           0           0           0           0           0           0           0           0
  8           2           0           0           0           0           0           0           0           0           0
  9           2           0           0           0           0           0           0           0           0           0
 10           2           0           0           0           0           0           0           0           0           0
[0.0] (ok) >               A           B           C           D           E           F           G           H           I           J
  1           5           2           0           0           0           0           0           0           0           0
  2           5           0           0           0           0           0           0           0           0           0
  3           5           0           0           0           0           0           0           0           0           0
  4           5           0           0           0           0           0           0           0           0           0
  5           5           0           0           0           0           0           0           0           0           0
  6           5           0           0           0           0           0           0           0           0           0
  7           5           0           0           0           0           0           0           0           0           0
  8           5           0           0           0           0           0           0           0           0           0
  9           5           0           0           0           0           0           0           0           0           0
 10           5           0           0           0           0           0           0           0           0           0
[0.0] (ok) > 